// Jest Snapshot v1, https://goo.gl/fbAQLP

exports[`Snapshot test renders the correct ui 1`] = `
<main
  className="sc-fzoXzr glEpCv"
>
  <section
    className="sc-AxjAm fvSFcP"
  >
    <div
      className="makeStyles-root-2"
    >
      <header
        className="MuiPaper-root MuiAppBar-root MuiAppBar-positionStatic MuiAppBar-colorPrimary makeStyles-root-2 MuiPaper-elevation4"
      >
        <div
          className="MuiToolbar-root MuiToolbar-regular MuiToolbar-gutters"
        >
          <a
            href="/"
            onClick={[Function]}
          >
            <h1
              className="makeStyles-heading-5"
            >
              Criminal Appeals Fund
            </h1>
          </a>
          <a
            href="/login"
            onClick={[Function]}
          >
            <button
              className="MuiButtonBase-root MuiButton-root MuiButton-text makeStyles-navButton-6 MuiButton-colorInherit"
              disabled={false}
              onBlur={[Function]}
              onDragLeave={[Function]}
              onFocus={[Function]}
              onKeyDown={[Function]}
              onKeyUp={[Function]}
              onMouseDown={[Function]}
              onMouseLeave={[Function]}
              onMouseUp={[Function]}
              onTouchEnd={[Function]}
              onTouchMove={[Function]}
              onTouchStart={[Function]}
              tabIndex={0}
              type="button"
            >
              <span
                className="MuiButton-label"
              >
                Login
              </span>
            </button>
          </a>
          <a
            href="/signup"
            onClick={[Function]}
          >
            <button
              className="MuiButtonBase-root MuiButton-root MuiButton-text makeStyles-navButton-6 MuiButton-colorInherit"
              disabled={false}
              onBlur={[Function]}
              onDragLeave={[Function]}
              onFocus={[Function]}
              onKeyDown={[Function]}
              onKeyUp={[Function]}
              onMouseDown={[Function]}
              onMouseLeave={[Function]}
              onMouseUp={[Function]}
              onTouchEnd={[Function]}
              onTouchMove={[Function]}
              onTouchStart={[Function]}
              tabIndex={0}
              type="button"
            >
              <span
                className="MuiButton-label"
              >
                Sign Up
              </span>
            </button>
          </a>
        </div>
      </header>
    </div>
    <section
      className="sc-AxiKw bOTXee"
    >
      <section
        className="sc-AxhCb jsaiQY"
      >
        <p
          className="sc-AxirZ eqtHGB"
        >
          Lorem ipsum dolor sit amet, consectetur adipiscing elit. Qualis ista philosophia est, quae non interitum afferat pravitatis, sed sit contenta mediocritate vitiorum? Sed id ne cogitari quidem potest quale sit, ut non repugnet ipsum sibi. Scripta sane et multa et polita, sed nescio quo pacto auctoritatem oratio non habet. Quoniam, si dis placet, ab Epicuro loqui discimus. Duo Reges: constructio interrete.
        </p>
        <button
          className="MuiButtonBase-root MuiButton-root MuiButton-contained makeStyles-landingButton-1"
          disabled={false}
          onBlur={[Function]}
          onClick={[Function]}
          onDragLeave={[Function]}
          onFocus={[Function]}
          onKeyDown={[Function]}
          onKeyUp={[Function]}
          onMouseDown={[Function]}
          onMouseLeave={[Function]}
          onMouseUp={[Function]}
          onTouchEnd={[Function]}
          onTouchMove={[Function]}
          onTouchStart={[Function]}
          tabIndex={0}
          type="button"
        >
          <span
            className="MuiButton-label"
          >
            How it works
          </span>
        </button>
      </section>
      <section
        className="sc-AxhUy ghvgsN"
      >
        <section
          className="sc-fzozJi jzubSN"
        >
          <section
            className="sc-Axmtr fkNrdF"
          >
            <h1
              className="sc-AxgMl bPsToZ"
            >
              Step 1:
            </h1>
            <p>
              Sign up for an account. We will need to verify your account before you can start appyling for funding - this may take up to 24 hours.
            </p>
          </section>
          <img
            alt="step1"
            className="sc-AxmLO cmToeC"
            src="step1.svg"
          />
        </section>
        <section
          className="sc-fzozJi jzubSN"
        >
          <img
            alt="step2"
            className="sc-AxmLO cmToeC"
            src="step2.svg"
          />
          <section
            className="sc-Axmtr fkNrdF"
          >
            <h1
              className="sc-AxgMl bPsToZ"
            >
              Step 2:
            </h1>
            <p>
              Once your account is verified you may apply for funding on a case.
            </p>
          </section>
        </section>
        <section
          className="sc-fzozJi jzubSN"
        >
          <section
            className="sc-Axmtr fkNrdF"
          >
            <h1
              className="sc-AxgMl bPsToZ"
            >
              Step 3:
            </h1>
            <p>
              Your case will be assessed against a number of criteria and may be approved for funding
            </p>
          </section>
          <img
            alt="step3"
            className="sc-AxmLO cmToeC"
            src="step3.svg"
          />
        </section>
        <section
          className="sc-fzozJi jzubSN"
        >
          <img
            alt="step4"
            className="sc-AxmLO cmToeC"
            src="step4.svg"
          />
          <section
            className="sc-Axmtr fkNrdF"
          >
            <h1
              className="sc-AxgMl bPsToZ"
            >
              Step 4:
            </h1>
            <p>
              If your case is approved, you will need to generate an invoice to receive the funding
            </p>
          </section>
        </section>
      </section>
      <a
        href="/signup"
        onClick={[Function]}
      >
        <button
          className="MuiButtonBase-root MuiButton-root MuiButton-contained makeStyles-landingButton-1"
          disabled={false}
          onBlur={[Function]}
          onDragLeave={[Function]}
          onFocus={[Function]}
          onKeyDown={[Function]}
          onKeyUp={[Function]}
          onMouseDown={[Function]}
          onMouseLeave={[Function]}
          onMouseUp={[Function]}
          onTouchEnd={[Function]}
          onTouchMove={[Function]}
          onTouchStart={[Function]}
          tabIndex={0}
          type="button"
        >
          <span
            className="MuiButton-label"
          >
            Sign Up
          </span>
        </button>
      </a>
    </section>
  </section>
</main>
`;
